// Jest Snapshot v1, https://jestjs.io/docs/snapshot-testing

exports[`guardian.briefs invariants given: the guardian brief inventory when: the invariant matrix is computed then: it matches the expected snapshot 1`] = `
[
  {
    "effectiveSourceCount": 7,
    "hasDisclaimer": true,
    "hasMotto": true,
    "isCaseDoc": true,
    "isConvergentDoc": false,
    "slug": "exposure=wifi.public/exposure.mechanism.case=captive-portal-phish",
    "sourceCount": 7,
  },
  {
    "effectiveSourceCount": 7,
    "hasDisclaimer": true,
    "hasMotto": true,
    "isCaseDoc": true,
    "isConvergentDoc": false,
    "slug": "exposure=wifi.public/symptom.mechanism.case=captive-portal-phish",
    "sourceCount": 7,
  },
  {
    "effectiveSourceCount": 9,
    "hasDisclaimer": true,
    "hasMotto": true,
    "isCaseDoc": true,
    "isConvergentDoc": false,
    "slug": "exposure=wifi.public/symptom.expression.case=captive-portal-phish",
    "sourceCount": 5,
  },
  {
    "effectiveSourceCount": 7,
    "hasDisclaimer": true,
    "hasMotto": true,
    "isCaseDoc": true,
    "isConvergentDoc": false,
    "slug": "exposure=wifi.public/exposure.mechanism.case=deauth-dos",
    "sourceCount": 7,
  },
  {
    "effectiveSourceCount": 7,
    "hasDisclaimer": true,
    "hasMotto": true,
    "isCaseDoc": true,
    "isConvergentDoc": false,
    "slug": "exposure=wifi.public/symptom.mechanism.case=deauth-dos",
    "sourceCount": 7,
  },
  {
    "effectiveSourceCount": 7,
    "hasDisclaimer": true,
    "hasMotto": true,
    "isCaseDoc": true,
    "isConvergentDoc": false,
    "slug": "exposure=wifi.public/symptom.expression.case=deauth-dos",
    "sourceCount": 7,
  },
  {
    "effectiveSourceCount": 7,
    "hasDisclaimer": true,
    "hasMotto": true,
    "isCaseDoc": true,
    "isConvergentDoc": false,
    "slug": "exposure=wifi.public/exposure.mechanism.case=evil-twin",
    "sourceCount": 7,
  },
  {
    "effectiveSourceCount": 8,
    "hasDisclaimer": true,
    "hasMotto": true,
    "isCaseDoc": true,
    "isConvergentDoc": false,
    "slug": "exposure=wifi.public/symptom.mechanism.case=evil-twin",
    "sourceCount": 8,
  },
  {
    "effectiveSourceCount": 8,
    "hasDisclaimer": true,
    "hasMotto": true,
    "isCaseDoc": true,
    "isConvergentDoc": false,
    "slug": "exposure=wifi.public/symptom.expression.case=evil-twin",
    "sourceCount": 7,
  },
  {
    "effectiveSourceCount": 8,
    "hasDisclaimer": true,
    "hasMotto": true,
    "isCaseDoc": true,
    "isConvergentDoc": false,
    "slug": "exposure=wifi.public/exposure.mechanism.case=passive-sniff",
    "sourceCount": 8,
  },
  {
    "effectiveSourceCount": 7,
    "hasDisclaimer": true,
    "hasMotto": true,
    "isCaseDoc": true,
    "isConvergentDoc": false,
    "slug": "exposure=wifi.public/symptom.mechanism.case=passive-sniff",
    "sourceCount": 7,
  },
  {
    "effectiveSourceCount": 9,
    "hasDisclaimer": true,
    "hasMotto": true,
    "isCaseDoc": true,
    "isConvergentDoc": false,
    "slug": "exposure=wifi.public/symptom.expression.case=passive-sniff",
    "sourceCount": 5,
  },
  {
    "effectiveSourceCount": 7,
    "hasDisclaimer": true,
    "hasMotto": true,
    "isCaseDoc": false,
    "isConvergentDoc": true,
    "slug": "exposure=wifi.public/symptom.expression.convergent=account-takeover",
    "sourceCount": 7,
  },
  {
    "effectiveSourceCount": 0,
    "hasDisclaimer": true,
    "hasMotto": true,
    "isCaseDoc": false,
    "isConvergentDoc": false,
    "slug": "define.causal-chain",
    "sourceCount": 0,
  },
  {
    "effectiveSourceCount": 0,
    "hasDisclaimer": true,
    "hasMotto": true,
    "isCaseDoc": false,
    "isConvergentDoc": false,
    "slug": "howto.apply-causal-chain",
    "sourceCount": 0,
  },
  {
    "effectiveSourceCount": 7,
    "hasDisclaimer": true,
    "hasMotto": true,
    "isCaseDoc": false,
    "isConvergentDoc": false,
    "slug": "exposure=wifi.public/readme",
    "sourceCount": 0,
  },
]
`;
