// Jest Snapshot v1, https://jestjs.io/docs/snapshot-testing

exports[`getObserverRole given: [edge] minimal contract surface when: only identity fields are extracted then: it matches the expected minimal structure 1`] = `
{
  "name": "Observer",
  "slug": "observer",
}
`;

exports[`getObserverRole given: the observer role when: inspected then: it matches the expected structure 1`] = `
{
  "hasBoot": true,
  "hasBriefDirs": true,
  "hasKeyrack": true,
  "hasSkillDirs": true,
  "name": "Observer",
  "purpose": "see all that goes on in the system",
  "slug": "observer",
}
`;
